mode: set
lyrics-overlay/internal/lyrics/provider.go:33.44,51.2 6 0
lyrics-overlay/internal/lyrics/provider.go:54.56,56.2 1 0
lyrics-overlay/internal/lyrics/provider.go:59.89,61.60 1 0
lyrics-overlay/internal/lyrics/provider.go:61.60,63.91 1 0
lyrics-overlay/internal/lyrics/provider.go:63.91,65.4 1 0
lyrics-overlay/internal/lyrics/provider.go:65.9,67.4 1 0
lyrics-overlay/internal/lyrics/provider.go:71.2,72.62 2 0
lyrics-overlay/internal/lyrics/provider.go:72.62,74.91 1 0
lyrics-overlay/internal/lyrics/provider.go:74.91,76.4 1 0
lyrics-overlay/internal/lyrics/provider.go:76.9,79.4 2 0
lyrics-overlay/internal/lyrics/provider.go:83.2,83.39 1 0
lyrics-overlay/internal/lyrics/provider.go:83.39,86.17 3 0
lyrics-overlay/internal/lyrics/provider.go:86.17,88.12 2 0
lyrics-overlay/internal/lyrics/provider.go:91.3,91.45 1 0
lyrics-overlay/internal/lyrics/provider.go:91.45,94.95 2 0
lyrics-overlay/internal/lyrics/provider.go:94.95,97.5 2 0
lyrics-overlay/internal/lyrics/provider.go:97.10,99.5 1 0
lyrics-overlay/internal/lyrics/provider.go:100.4,100.22 1 0
lyrics-overlay/internal/lyrics/provider.go:104.2,104.70 1 0
lyrics-overlay/internal/lyrics/provider.go:108.53,112.2 3 1
lyrics-overlay/internal/lyrics/provider.go:115.42,135.35 3 1
lyrics-overlay/internal/lyrics/provider.go:135.35,138.3 2 1
lyrics-overlay/internal/lyrics/provider.go:141.2,148.32 5 1
lyrics-overlay/internal/lyrics/provider.go:152.58,158.37 3 1
lyrics-overlay/internal/lyrics/provider.go:158.37,160.14 2 1
lyrics-overlay/internal/lyrics/provider.go:160.14,162.4 1 1
lyrics-overlay/internal/lyrics/provider.go:163.3,163.49 1 1
lyrics-overlay/internal/lyrics/provider.go:163.49,165.4 1 1
lyrics-overlay/internal/lyrics/provider.go:166.3,166.47 1 1
lyrics-overlay/internal/lyrics/provider.go:166.47,168.4 1 1
lyrics-overlay/internal/lyrics/provider.go:169.3,169.35 1 1
lyrics-overlay/internal/lyrics/provider.go:169.35,171.4 1 1
lyrics-overlay/internal/lyrics/provider.go:173.3,174.24 2 1
lyrics-overlay/internal/lyrics/provider.go:174.24,176.4 1 1
lyrics-overlay/internal/lyrics/provider.go:179.3,179.42 1 1
lyrics-overlay/internal/lyrics/provider.go:179.42,181.4 1 1
lyrics-overlay/internal/lyrics/provider.go:182.3,182.80 1 1
lyrics-overlay/internal/lyrics/provider.go:182.80,184.4 1 1
lyrics-overlay/internal/lyrics/provider.go:187.3,198.42 5 1
lyrics-overlay/internal/lyrics/provider.go:198.42,200.31 2 1
lyrics-overlay/internal/lyrics/provider.go:200.31,201.37 1 1
lyrics-overlay/internal/lyrics/provider.go:201.37,203.11 2 1
lyrics-overlay/internal/lyrics/provider.go:206.4,206.15 1 1
lyrics-overlay/internal/lyrics/provider.go:206.15,208.5 1 1
lyrics-overlay/internal/lyrics/provider.go:211.3,211.15 1 1
lyrics-overlay/internal/lyrics/provider.go:214.2,215.29 2 1
lyrics-overlay/internal/lyrics/provider.go:215.29,217.21 2 1
lyrics-overlay/internal/lyrics/provider.go:217.21,218.12 1 1
lyrics-overlay/internal/lyrics/provider.go:220.3,220.14 1 1
lyrics-overlay/internal/lyrics/provider.go:220.14,221.20 1 1
lyrics-overlay/internal/lyrics/provider.go:221.20,222.13 1 1
lyrics-overlay/internal/lyrics/provider.go:224.4,226.12 3 1
lyrics-overlay/internal/lyrics/provider.go:228.3,229.23 2 1
lyrics-overlay/internal/lyrics/provider.go:233.2,233.44 1 1
lyrics-overlay/internal/lyrics/provider.go:233.44,235.3 1 1
lyrics-overlay/internal/lyrics/provider.go:236.2,236.55 1 1
lyrics-overlay/internal/lyrics/provider.go:236.55,238.3 1 1
lyrics-overlay/internal/lyrics/provider.go:240.2,240.14 1 1
lyrics-overlay/internal/lyrics/provider.go:250.61,255.2 1 1
lyrics-overlay/internal/lyrics/provider.go:258.43,260.2 1 1
lyrics-overlay/internal/lyrics/provider.go:263.88,265.16 2 0
lyrics-overlay/internal/lyrics/provider.go:265.16,270.22 3 0
lyrics-overlay/internal/lyrics/provider.go:270.22,272.4 1 0
lyrics-overlay/internal/lyrics/provider.go:273.3,275.17 3 0
lyrics-overlay/internal/lyrics/provider.go:275.17,277.4 1 0
lyrics-overlay/internal/lyrics/provider.go:279.2,279.18 1 0
lyrics-overlay/internal/lyrics/provider.go:294.90,296.52 1 0
lyrics-overlay/internal/lyrics/provider.go:296.52,297.54 1 0
lyrics-overlay/internal/lyrics/provider.go:297.54,299.4 1 0
lyrics-overlay/internal/lyrics/provider.go:303.2,304.16 2 0
lyrics-overlay/internal/lyrics/provider.go:304.16,306.3 1 0
lyrics-overlay/internal/lyrics/provider.go:309.2,309.23 1 0
lyrics-overlay/internal/lyrics/provider.go:309.23,311.14 2 0
lyrics-overlay/internal/lyrics/provider.go:311.14,313.18 2 0
lyrics-overlay/internal/lyrics/provider.go:313.18,315.5 1 0
lyrics-overlay/internal/lyrics/provider.go:317.3,317.24 1 0
lyrics-overlay/internal/lyrics/provider.go:317.24,319.4 1 0
lyrics-overlay/internal/lyrics/provider.go:323.2,324.17 2 0
lyrics-overlay/internal/lyrics/provider.go:324.17,326.3 1 0
lyrics-overlay/internal/lyrics/provider.go:329.2,330.31 2 0
lyrics-overlay/internal/lyrics/provider.go:330.31,331.53 1 0
lyrics-overlay/internal/lyrics/provider.go:331.53,333.4 1 0
lyrics-overlay/internal/lyrics/provider.go:337.2,338.17 2 0
lyrics-overlay/internal/lyrics/provider.go:338.17,340.3 1 0
lyrics-overlay/internal/lyrics/provider.go:341.2,341.18 1 0
lyrics-overlay/internal/lyrics/provider.go:344.68,349.16 3 0
lyrics-overlay/internal/lyrics/provider.go:349.16,351.3 1 0
lyrics-overlay/internal/lyrics/provider.go:352.2,354.16 3 0
lyrics-overlay/internal/lyrics/provider.go:354.16,356.3 1 0
lyrics-overlay/internal/lyrics/provider.go:357.2,358.38 2 0
lyrics-overlay/internal/lyrics/provider.go:358.38,360.3 1 0
lyrics-overlay/internal/lyrics/provider.go:361.2,362.16 2 0
lyrics-overlay/internal/lyrics/provider.go:362.16,364.3 1 0
lyrics-overlay/internal/lyrics/provider.go:365.2,366.53 2 0
lyrics-overlay/internal/lyrics/provider.go:366.53,368.3 1 0
lyrics-overlay/internal/lyrics/provider.go:369.2,369.57 1 0
lyrics-overlay/internal/lyrics/provider.go:369.57,371.3 1 0
lyrics-overlay/internal/lyrics/provider.go:372.2,372.15 1 0
lyrics-overlay/internal/lyrics/provider.go:375.78,379.16 3 0
lyrics-overlay/internal/lyrics/provider.go:379.16,381.3 1 0
lyrics-overlay/internal/lyrics/provider.go:382.2,384.16 3 0
lyrics-overlay/internal/lyrics/provider.go:384.16,386.3 1 0
lyrics-overlay/internal/lyrics/provider.go:387.2,388.38 2 0
lyrics-overlay/internal/lyrics/provider.go:388.38,390.3 1 0
lyrics-overlay/internal/lyrics/provider.go:391.2,392.16 2 0
lyrics-overlay/internal/lyrics/provider.go:392.16,394.3 1 0
lyrics-overlay/internal/lyrics/provider.go:395.2,396.55 2 0
lyrics-overlay/internal/lyrics/provider.go:396.55,398.3 1 0
lyrics-overlay/internal/lyrics/provider.go:399.2,399.21 1 0
lyrics-overlay/internal/lyrics/provider.go:402.77,405.16 3 0
lyrics-overlay/internal/lyrics/provider.go:405.16,407.3 1 0
lyrics-overlay/internal/lyrics/provider.go:408.2,411.16 4 0
lyrics-overlay/internal/lyrics/provider.go:411.16,413.3 1 0
lyrics-overlay/internal/lyrics/provider.go:414.2,415.38 2 0
lyrics-overlay/internal/lyrics/provider.go:415.38,417.3 1 0
lyrics-overlay/internal/lyrics/provider.go:418.2,419.16 2 0
lyrics-overlay/internal/lyrics/provider.go:419.16,421.3 1 0
lyrics-overlay/internal/lyrics/provider.go:422.2,423.55 2 0
lyrics-overlay/internal/lyrics/provider.go:423.55,425.3 1 0
lyrics-overlay/internal/lyrics/provider.go:426.2,426.21 1 0
lyrics-overlay/internal/lyrics/provider.go:429.84,435.28 5 0
lyrics-overlay/internal/lyrics/provider.go:435.28,439.18 4 0
lyrics-overlay/internal/lyrics/provider.go:439.18,441.4 1 0
lyrics-overlay/internal/lyrics/provider.go:442.3,442.17 1 0
lyrics-overlay/internal/lyrics/provider.go:442.17,444.4 1 0
lyrics-overlay/internal/lyrics/provider.go:445.3,445.27 1 0
lyrics-overlay/internal/lyrics/provider.go:445.27,447.4 1 0
lyrics-overlay/internal/lyrics/provider.go:448.3,448.26 1 0
lyrics-overlay/internal/lyrics/provider.go:448.26,450.4 1 0
lyrics-overlay/internal/lyrics/provider.go:451.3,451.24 1 0
lyrics-overlay/internal/lyrics/provider.go:451.24,454.4 2 0
lyrics-overlay/internal/lyrics/provider.go:456.2,456.18 1 0
lyrics-overlay/internal/lyrics/provider.go:456.18,458.3 1 0
lyrics-overlay/internal/lyrics/provider.go:459.2,459.12 1 0
lyrics-overlay/internal/lyrics/provider.go:462.84,463.18 1 0
lyrics-overlay/internal/lyrics/provider.go:463.18,465.3 1 0
lyrics-overlay/internal/lyrics/provider.go:466.2,466.30 1 0
lyrics-overlay/internal/lyrics/provider.go:466.30,468.21 2 0
lyrics-overlay/internal/lyrics/provider.go:468.21,475.4 1 0
lyrics-overlay/internal/lyrics/provider.go:477.2,477.29 1 0
lyrics-overlay/internal/lyrics/provider.go:477.29,479.21 2 0
lyrics-overlay/internal/lyrics/provider.go:479.21,486.4 1 0
lyrics-overlay/internal/lyrics/provider.go:488.2,488.12 1 0
lyrics-overlay/internal/lyrics/provider.go:492.55,496.47 3 1
lyrics-overlay/internal/lyrics/provider.go:496.47,498.16 2 1
lyrics-overlay/internal/lyrics/provider.go:498.16,499.12 1 0
lyrics-overlay/internal/lyrics/provider.go:502.3,502.177 1 1
lyrics-overlay/internal/lyrics/provider.go:502.177,503.12 1 1
lyrics-overlay/internal/lyrics/provider.go:505.3,506.24 2 1
lyrics-overlay/internal/lyrics/provider.go:506.24,507.12 1 0
lyrics-overlay/internal/lyrics/provider.go:510.3,512.17 3 1
lyrics-overlay/internal/lyrics/provider.go:512.17,513.12 1 1
lyrics-overlay/internal/lyrics/provider.go:515.3,515.29 1 1
lyrics-overlay/internal/lyrics/provider.go:515.29,518.23 3 1
lyrics-overlay/internal/lyrics/provider.go:518.23,522.42 4 1
lyrics-overlay/internal/lyrics/provider.go:522.42,524.21 2 1
lyrics-overlay/internal/lyrics/provider.go:524.21,526.7 1 1
lyrics-overlay/internal/lyrics/provider.go:527.6,527.21 1 1
lyrics-overlay/internal/lyrics/provider.go:527.21,529.7 1 0
lyrics-overlay/internal/lyrics/provider.go:530.6,530.22 1 1
lyrics-overlay/internal/lyrics/provider.go:532.5,533.80 2 1
lyrics-overlay/internal/lyrics/provider.go:538.2,538.40 1 1
lyrics-overlay/internal/lyrics/provider.go:538.40,538.90 1 1
lyrics-overlay/internal/lyrics/provider.go:539.2,539.14 1 1
lyrics-overlay/internal/lyrics/provider.go:542.29,544.30 2 1
lyrics-overlay/internal/lyrics/provider.go:544.30,546.25 2 1
lyrics-overlay/internal/lyrics/provider.go:546.25,547.12 1 1
lyrics-overlay/internal/lyrics/provider.go:549.3,549.28 1 1
lyrics-overlay/internal/lyrics/provider.go:551.2,551.12 1 1
lyrics-overlay/internal/lyrics/provider.go:555.64,559.16 3 0
lyrics-overlay/internal/lyrics/provider.go:559.16,561.3 1 0
lyrics-overlay/internal/lyrics/provider.go:562.2,565.67 4 0
lyrics-overlay/internal/lyrics/provider.go:565.67,568.17 3 0
lyrics-overlay/internal/lyrics/provider.go:568.17,570.4 1 0
lyrics-overlay/internal/lyrics/provider.go:571.3,572.54 2 0
lyrics-overlay/internal/lyrics/provider.go:572.54,574.4 1 0
lyrics-overlay/internal/lyrics/provider.go:577.2,579.16 3 0
lyrics-overlay/internal/lyrics/provider.go:579.16,581.3 1 0
lyrics-overlay/internal/lyrics/provider.go:582.2,585.16 4 0
lyrics-overlay/internal/lyrics/provider.go:585.16,587.3 1 0
lyrics-overlay/internal/lyrics/provider.go:588.2,589.38 2 0
lyrics-overlay/internal/lyrics/provider.go:589.38,591.3 1 0
lyrics-overlay/internal/lyrics/provider.go:592.2,593.16 2 0
lyrics-overlay/internal/lyrics/provider.go:593.16,595.3 1 0
lyrics-overlay/internal/lyrics/provider.go:596.2,597.53 2 0
lyrics-overlay/internal/lyrics/provider.go:597.53,599.3 1 0
lyrics-overlay/internal/lyrics/provider.go:600.2,600.20 1 0
lyrics-overlay/internal/lyrics/provider.go:607.38,609.2 1 1
lyrics-overlay/internal/lyrics/provider.go:612.41,614.2 1 1
lyrics-overlay/internal/lyrics/provider.go:617.88,632.2 2 0
lyrics-overlay/internal/lyrics/provider.go:636.57,638.2 1 1
lyrics-overlay/internal/lyrics/provider.go:642.42,644.2 1 1
